Sun Sep 27 09:08:04 UTC 2026
blackbox 404
black_box 200 TAKEN 0.1.0 | 0.1.0 | 2018-04-03 | dl_all 1600 | Simple API wrapper for http://blackbox.co.ke
flight_recorder 404
flightrecorder 404
postmortem 404
post_mortem 404
tombstone 404
autopsy 404
aftermath 404
crashlog 404
crash_log 404
wreckage 404
epitaph 404
witness 200 TAKEN 2.0.0 | 2.0.0 | 2026-07-22 | dl_all 485 | Yet another structured logging library
beam_witness 404
black_box_recorder 404
cockpit_recorder 404
blackbox_ex 404
errorlog 404
fdr 404
recorder 404
last_words 404
lastwords 404
coroner 404
beamtrail 404
control phoenix 200
error_tracker 200
tower 200
sentry 200
blackbox_elixir 404
flight_deck 404
crash_report 404
beacon_errors 404
search flight: ex_arrow 1104
search flight: xplane_integration 928
search flight: fetch_flight 907
search flight: nerves_vl6180x 580
search flight: google_api_qpx_express 506
search flight: beam_console 462
search flight: tmf882x 455
search flight: realflight_integration 400
gh blackbox+language:elixir total 1 [('etori-sangiacomo/blackbox', 0, '2023-01-20')]
gh flight_recorder+language:elixir total 1 [('alfredeengreen/pgtrace', 0, '2026-01-13')]
gh postmortem+language:elixir total 0 []
gh tombstone+language:elixir total 1 [('drteeth/tomb', 0, '2025-01-14')]
