FUNCTION                                        CALLS  TIME (us)  PER CALL  [    %]
init:archive_extension/0                            2          0      0.00  [ 0.00]
prim_file:encode_path/1                             2          0      0.00  [ 0.00]
prim_file:read_file/1                               2          0      0.00  [ 0.00]
erts_internal:atomics_new/2                         1          0      0.00  [ 0.00]
erlang:function_exported/3                          3          0      0.00  [ 0.00]
atomics:encode_opts/2                               2          0      0.00  [ 0.00]
atomics:new/2                                       1          0      0.00  [ 0.00]
erl_prim_loader:name_split/2                        2          0      0.00  [ 0.00]
erl_prim_loader:reverse/1                           2          0      0.00  [ 0.00]
erl_prim_loader:check_file_result/3                 2          0      0.00  [ 0.00]
erl_prim_loader:client_or_request/2                 2          0      0.00  [ 0.00]
erl_prim_loader:get_loader_config/0                 2          0      0.00  [ 0.00]
lists:reverse/2                                     2          0      0.00  [ 0.00]
code:get_mode/0                                     3          0      0.00  [ 0.00]
persistent_term:get/1                               5          1      0.20  [ 0.00]
code_server:get_mode/0                              3          1      0.33  [ 0.00]
erlang:whereis/1                                    3          1      0.33  [ 0.00]
erlang:prepare_loading/2                            3          1      0.33  [ 0.00]
erlang:module_loaded/1                              3          1      0.33  [ 0.00]
erlang:garbage_collect/0                            3          1      0.33  [ 0.00]
erl_prim_loader:is_prefix/2                        26          1      0.04  [ 0.00]
erl_prim_loader:read_file/1                         2          1      0.50  [ 0.00]
error_handler:ensure_loaded/1                       3          1      0.33  [ 0.00]
code:call/1                                         6          1      0.17  [ 0.00]
code:ensure_prepare_loading/3                       3          1      0.33  [ 0.00]
prim_file:internal_name2native/1                    2          2      1.00  [ 0.00]
elixir_compiler_2:'-__FILE__/1-fun-4-'/0            1          2      2.00  [ 0.00]
erlang:prepare_loading_1/2                          3          2      0.67  [ 0.00]
error_handler:undefined_function/3                  3          3      1.00  [ 0.01]
erlang:monitor/2                                    6          5      0.83  [ 0.01]
code:ensure_loaded/1                                3          5      1.67  [ 0.01]
persistent_term:put/2                               2          6      3.00  [ 0.01]
erlang:demonitor/2                                  6         10      1.67  [ 0.02]
erl_prim_loader:archive_split/3                   211         14      0.07  [ 0.03]
erts_internal:garbage_collect/1                     3         16      5.33  [ 0.03]
code_server:call/1                                  6         20      3.33  [ 0.04]
'Elixir.Kernel':struct/3                         2000         67      0.03  [ 0.13]
'Elixir.Logger':elixir_level_to_erlang_level/1   2000         75      0.04  [ 0.15]
'Elixir.Inspect.Algebra':pack_opts/2             2000         75      0.04  [ 0.15]
crypto:max_bytes/0                               2000         78      0.04  [ 0.15]
'Elixir.List':first/1                            2000         79      0.04  [ 0.15]
'Elixir.Process':get/1                           2000         80      0.04  [ 0.16]
logger_filters:on_match/2                        2000         82      0.04  [ 0.16]
proc_lib:get_label/1                             2000         83      0.04  [ 0.16]
'Elixir.Spike.Crumbs':'of'/1                     2000         84      0.04  [ 0.16]
'Elixir.Inspect':impl_for/1                      2000         84      0.04  [ 0.16]
'Elixir.IO':chardata_to_string/1                 2000         85      0.04  [ 0.17]
'Elixir.String.Chars':impl_for/1                 2000         86      0.04  [ 0.17]
'Elixir.Spike.Crumbs':raw/1                      2000         88      0.04  [ 0.17]
logger:macro_log/4                               2000         88      0.04  [ 0.17]
'Elixir.Spike.Handler':'-log/2-fun-0-'/1         2000         90      0.05  [ 0.18]
'Elixir.Kernel':inspect/1                        2000         91      0.05  [ 0.18]
'Elixir.List':first/2                            2000         92      0.05  [ 0.18]
maps:without/2                                   2000         93      0.05  [ 0.18]
'Elixir.Regex':apply_list/3                      2000         94      0.05  [ 0.18]
'Elixir.Inspect.Algebra':group/1                 2000         95      0.05  [ 0.19]
'Elixir.Inspect':'impl_for!'/1                   2000         95      0.05  [ 0.19]
logger:get_process_metadata/0                    2000         95      0.05  [ 0.19]
logger:add_default_metadata/1                    2000         96      0.05  [ 0.19]
'Elixir.Regex':apply_replace/3                   2000         98      0.05  [ 0.19]
prim_file:read_file_nif/1                           2         99     49.50  [ 0.19]
lists:prefix/2                                   2000         99      0.05  [ 0.19]
'Elixir.Logger.Utils':translator/2               2000        100      0.05  [ 0.20]
'Elixir.System':normalize_time_unit/1            2000        102      0.05  [ 0.20]
'Elixir.Inspect.Algebra':group/2                 2000        106      0.05  [ 0.21]
'Elixir.Kernel':struct/2                         2000        107      0.05  [ 0.21]
'Elixir.Logger':get_process_level/1              2000        108      0.05  [ 0.21]
'Elixir.Inspect.Algebra':format/2                2000        110      0.06  [ 0.22]
'Elixir.Spike.Event':type/2                      2000        110      0.06  [ 0.22]
logger:do_log_allowed/5                          2000        111      0.06  [ 0.22]
logger:compare_levels/2                          2000        111      0.06  [ 0.22]
'Elixir.Spike.Event':text/1                      2000        113      0.06  [ 0.22]
logger_filters:filter_domain/4                   2000        117      0.06  [ 0.23]
'Elixir.Logger':add_elixir_domain/1              2000        120      0.06  [ 0.23]
'Elixir.Spike.Event':message/2                   2000        120      0.06  [ 0.23]
erlang:group_leader/0                            2000        128      0.06  [ 0.25]
erlang:integer_to_binary/1                       2000        141      0.07  [ 0.28]
erlang:system_time/1                             2000        142      0.07  [ 0.28]
'Elixir.Spike.Event':short/1                     4000        146      0.04  [ 0.29]
crypto:hash/4                                    2000        150      0.08  [ 0.29]
'Elixir.Inspect.Algebra':to_doc/2                2000        150      0.08  [ 0.29]
logger_backend:log_allowed/3                     2000        153      0.08  [ 0.30]
logger:proc_meta/0                               2000        153      0.08  [ 0.30]
'Elixir.Process':get/2                           4000        154      0.04  [ 0.30]
'Elixir.Enum':'-map/2-lists^map/1-1-'/2          4000        155      0.04  [ 0.30]
'Elixir.String.Chars.Integer':to_string/1        2000        157      0.08  [ 0.31]
logger:timestamp/0                               2000        161      0.08  [ 0.31]
logger_config:allow/2                            2000        166      0.08  [ 0.32]
'Elixir.Spike.Event':from_log/1                  2000        167      0.08  [ 0.33]
'Elixir.Spike':bump/1                            4000        169      0.04  [ 0.33]
'Elixir.Inspect.Opts':default_inspect_fun/0      2000        170      0.09  [ 0.33]
'Elixir.Enum':map/2                              4001        170      0.04  [ 0.33]
logger_filters:is_prefix/3                       2000        173      0.09  [ 0.34]
'Elixir.Spike':index/1                           4000        174      0.04  [ 0.34]
'Elixir.String.Chars':'impl_for!'/1              2000        174      0.09  [ 0.34]
'Elixir.Spike.Event':fingerprint/3               2000        177      0.09  [ 0.35]
'Elixir.Spike.Crumbs':own/0                      2000        178      0.09  [ 0.35]
lists:foldl/3                                    2000        178      0.09  [ 0.35]
'Elixir.Inspect.Opts':new/1                      2000        183      0.09  [ 0.36]
'Elixir.Logger':'__do_log__'/4                   2000        185      0.09  [ 0.36]
logger_filters:domain/2                          2000        187      0.09  [ 0.37]
logger:tid/0                                     2000        187      0.09  [ 0.37]
'Elixir.Spike.Event':label/0                     2000        194      0.10  [ 0.38]
atomics:add_get/3                                4000        198      0.05  [ 0.39]
'Elixir.Inspect':inspect/2                       2000        207      0.10  [ 0.40]
ets:whereis/1                                    2000        209      0.10  [ 0.41]
'Elixir.Logger.Utils':process_level/2            2000        209      0.10  [ 0.41]
re:to_binary/2                                   6000        212      0.04  [ 0.41]
re:check_for_crlf/2                              6000        212      0.04  [ 0.41]
os:system_time/1                                 2000        217      0.11  [ 0.42]
'Elixir.String.Chars':to_string/1                2000        222      0.11  [ 0.43]
re:check_for_unicode/2                           6000        222      0.04  [ 0.43]
'Elixir.Enum':map_range/4                        1000        226      0.23  [ 0.44]
'Elixir.System':system_time/1                    2000        227      0.11  [ 0.44]
'Elixir.String':replace/3                        6000        229      0.04  [ 0.45]
'Elixir.String':replace/4                        6000        233      0.04  [ 0.46]
logger_config:less_or_equal_level/2              6000        233      0.04  [ 0.46]
'Elixir.Inspect.Algebra':to_doc_with_opts/2      2000        236      0.12  [ 0.46]
'Elixir.Keyword':get/2                           6000        239      0.04  [ 0.47]
'Elixir.String':replace_guarded/4                6000        242      0.04  [ 0.47]
maps:merge/2                                     6000        259      0.04  [ 0.51]
re:postprocess/5                                 6000        259      0.04  [ 0.51]
'Elixir.Spike.Buffer':push/1                     2000        263      0.13  [ 0.51]
'Elixir.Logger':'__should_log__'/2               2000        275      0.14  [ 0.54]
crypto:hash/2                                    2000        280      0.14  [ 0.55]
'Elixir.Spike':ref/0                             4000        286      0.07  [ 0.56]
'Elixir.Inspect.PID':inspect/2                   2000        295      0.15  [ 0.58]
erlang:term_to_binary/1                          2000        312      0.16  [ 0.61]
'Elixir.Base':encode16lower/2                    6000        314      0.05  [ 0.61]
'Elixir.Spike.Handler':log/2                     2000        339      0.17  [ 0.66]
logger:default/1                                 6000        340      0.06  [ 0.66]
logger_config:table_key/1                       10000        367      0.04  [ 0.72]
'Elixir.Spike.Handler':capture/2                 2000        377      0.19  [ 0.74]
'Elixir.Spike.Event':hash/1                      2000        381      0.19  [ 0.75]
erts_internal:prepare_loading/2                     3        386    128.67  [ 0.75]
'Elixir.Base':encode16/2                         2000        389      0.19  [ 0.76]
elixir_compiler_2:'-__FILE__/1-fun-3-'/1         2000        405      0.20  [ 0.79]
lists:keyfind/3                                  8000        423      0.05  [ 0.83]
re:grun/3                                        6000        446      0.07  [ 0.87]
'Elixir.Regex':'-safe_run/3-fun-0-'/4            6000        451      0.08  [ 0.88]
logger_backend:apply_filters/4                   6000        483      0.08  [ 0.94]
'Elixir.Spike.Event':normalize_text/1            2000        488      0.24  [ 0.95]
lists:foldl_1/3                                  8000        513      0.06  [ 1.00]
'Elixir.Regex':apply_list/5                      6000        521      0.09  [ 1.02]
'Elixir.Inspect.Algebra':format/4                8000        523      0.07  [ 1.02]
'Elixir.Kernel':inspect/2                        2000        546      0.27  [ 1.07]
erlang:system_info/1                             6000        549      0.09  [ 1.07]
'Elixir.Regex':safe_run/3                        6000        558      0.09  [ 1.09]
'Elixir.Keyword':get/3                           8000        575      0.07  [ 1.12]
logger:add_default_metadata/2                    8000        578      0.07  [ 1.13]
erlang:iolist_to_binary/1                        8000        580      0.07  [ 1.13]
maps:remove/2                                    8000        583      0.07  [ 1.14]
'Elixir.Access':get/3                           16000        610      0.04  [ 1.19]
'Elixir.Spike':bump/2                            4000        612      0.15  [ 1.20]
'Elixir.Access':get/2                           16000        630      0.04  [ 1.23]
erlang:pid_to_list/1                             2000        657      0.33  [ 1.28]
re:run/3                                         6000        660      0.11  [ 1.29]
logger_config:get/3                              4000        665      0.17  [ 1.30]
'Elixir.Regex':precompile_replacement/1          8000        683      0.09  [ 1.34]
logger_config:get/2                              6000        703      0.12  [ 1.37]
crypto:hash_nif/2                                2000        706      0.35  [ 1.38]
logger:log_allowed/4                             2000        757      0.38  [ 1.48]
logger_backend:do_apply_filters/4               12000        788      0.07  [ 1.54]
re:loopexec/8                                    8000        828      0.10  [ 1.62]
re:grun2/3                                       6000        870      0.14  [ 1.70]
re:do_grun/6                                     6000        902      0.15  [ 1.76]
logger_backend:call_handlers/3                   6000        942      0.16  [ 1.84]
'Elixir.Regex':replace/4                         6000        953      0.16  [ 1.86]
persistent_term:get/2                           12001       1158      0.10  [ 2.26]
re:process_parameters/6                         24000       1166      0.05  [ 2.28]
ets:lookup/2                                     6000       1637      0.27  [ 3.20]
erlang:send/2                                    2000       1691      0.85  [ 3.31]
'Elixir.Spike.Event':build/5                     2000       1757      0.88  [ 3.44]
re:import/1                                      6000       2408      0.40  [ 4.71]
re:internal_run/4                                8000       3813      0.48  [ 7.46]
                                                           51137            [100.0]
FUNCTION                                                         CALLS  TIME (us)  PER CALL  [    %]
'Elixir.Spike.Event':'-skip_modules/0-fun-1-'/2                      6          0      0.00  [ 0.00]
sets:from_list/2                                                     1          0      0.00  [ 0.00]
sets:from_list/1                                                     1          0      0.00  [ 0.00]
application_controller:get_key_direct/2                              6          0      0.00  [ 0.00]
application_controller:get_key/2                                     6          0      0.00  [ 0.00]
application:get_key/2                                                6          0      0.00  [ 0.00]
'Elixir.Enum':to_list/1                                              1          0      0.00  [ 0.00]
init:archive_extension/0                                             7          1      0.14  [ 0.00]
prim_file:encode_path/1                                              7          1      0.14  [ 0.00]
'Elixir.Application':spec/2                                          6          1      0.17  [ 0.00]
'Elixir.MapSet':new/1                                                1          1      1.00  [ 0.00]
erl_prim_loader:reverse/1                                            7          1      0.14  [ 0.00]
erl_prim_loader:check_file_result/3                                  7          1      0.14  [ 0.00]
erl_prim_loader:get_loader_config/0                                  7          1      0.14  [ 0.00]
elixir_compiler_2:'-__FILE__/1-fun-6-'/1                             1          2      2.00  [ 0.00]
code_server:get_mode/0                                               7          2      0.29  [ 0.00]
erlang:whereis/1                                                     7          2      0.29  [ 0.00]
erlang:prepare_loading/2                                             7          2      0.29  [ 0.00]
erlang:module_loaded/1                                               7          2      0.29  [ 0.00]
erlang:garbage_collect/0                                             7          2      0.29  [ 0.00]
erlang:function_exported/3                                           7          2      0.29  [ 0.00]
erl_prim_loader:name_split/2                                         7          2      0.29  [ 0.00]
erl_prim_loader:client_or_request/2                                  7          2      0.29  [ 0.00]
code:get_mode/0                                                      7          2      0.29  [ 0.00]
persistent_term:get/1                                               14          3      0.21  [ 0.00]
prim_file:read_file/1                                                7          3      0.43  [ 0.00]
application_controller:get_key_data/2                                6          3      0.50  [ 0.00]
erl_prim_loader:read_file/1                                          7          3      0.43  [ 0.00]
code:call/1                                                         14          3      0.21  [ 0.00]
erlang:prepare_loading_1/2                                           7          4      0.57  [ 0.00]
erl_prim_loader:is_prefix/2                                         91          4      0.04  [ 0.00]
code:ensure_prepare_loading/3                                        7          4      0.57  [ 0.00]
prim_file:internal_name2native/1                                     7          5      0.71  [ 0.00]
error_handler:ensure_loaded/1                                        7          6      0.86  [ 0.00]
error_handler:undefined_function/3                                   7          8      1.14  [ 0.01]
erlang:monitor/2                                                    14         12      0.86  [ 0.01]
erlang:demonitor/2                                                  14         13      0.93  [ 0.01]
code:ensure_loaded/1                                                 7         13      1.86  [ 0.01]
'Elixir.Spike.Event':'-skip_modules/0-fun-0-'/2                    488         19      0.04  [ 0.01]
ets:match/2                                                          6         20      3.33  [ 0.02]
persistent_term:put/2                                                1         22     22.00  [ 0.02]
erl_prim_loader:archive_split/3                                    745         36      0.05  [ 0.03]
erts_internal:garbage_collect/1                                      7         38      5.43  [ 0.03]
maps:from_keys/2                                                     1         46     46.00  [ 0.04]
code_server:call/1                                                  14         47      3.36  [ 0.04]
'Elixir.Spike.Crumbs':'of'/1                                      2000         75      0.04  [ 0.06]
'Elixir.List':first/2                                             2000         88      0.04  [ 0.07]
'Elixir.RuntimeError':message/1                                   2000         95      0.05  [ 0.07]
'Elixir.Inspect.Map':inspect/2                                    2000         96      0.05  [ 0.07]
'Elixir.System':normalize_time_unit/1                             2000         97      0.05  [ 0.08]
crypto:max_bytes/0                                                2000        100      0.05  [ 0.08]
elixir_compiler_2:'-__FILE__/1-fun-5-'/2                          2000        102      0.05  [ 0.08]
maps:to_list_internal/1                                           2000        102      0.05  [ 0.08]
'Elixir.Enum':reject/2                                            2000        113      0.06  [ 0.09]
'Elixir.Spike.Event':message/2                                    2000        117      0.06  [ 0.09]
erts_internal:map_next/3                                          2000        125      0.06  [ 0.10]
'Elixir.Enum':take/2                                              2000        128      0.06  [ 0.10]
'Elixir.Spike.Event':classify/2                                   2000        131      0.07  [ 0.10]
'Elixir.List':first/1                                             2000        148      0.07  [ 0.11]
erlang:system_time/1                                              2000        157      0.08  [ 0.12]
'Elixir.Spike.Event':short/1                                      4000        166      0.04  [ 0.13]
crypto:hash/4                                                     2000        184      0.09  [ 0.14]
'Elixir.Spike.Event':from_log/1                                   2000        186      0.09  [ 0.14]
'Elixir.Enum':reduce/3                                            4007        187      0.05  [ 0.14]
erlang:tuple_to_list/1                                            4000        205      0.05  [ 0.16]
maps:to_list/1                                                    2000        215      0.11  [ 0.17]
'Elixir.Inspect.Algebra':apply_nesting/3                          6000        221      0.04  [ 0.17]
re:to_binary/2                                                    6000        224      0.04  [ 0.17]
re:check_for_unicode/2                                            6000        227      0.04  [ 0.18]
'Elixir.Inspect.Algebra':nest/3                                   6000        229      0.04  [ 0.18]
re:check_for_crlf/2                                               6000        230      0.04  [ 0.18]
'Elixir.Spike.Event':type/2                                       4000        234      0.06  [ 0.18]
'Elixir.Inspect.Integer':prepend_prefix/2                         6000        235      0.04  [ 0.18]
'Elixir.Inspect.List':'keyword?'/1                                4000        239      0.06  [ 0.18]
'Elixir.String':replace/4                                         6000        239      0.04  [ 0.18]
'Elixir.Inspect.Algebra':flex_glue/3                              6000        246      0.04  [ 0.19]
'Elixir.Inspect.Algebra':join/4                                   6000        250      0.04  [ 0.19]
re:postprocess/5                                                  6000        252      0.04  [ 0.20]
'Elixir.String':replace/3                                         6000        252      0.04  [ 0.20]
'Elixir.Exception':message/1                                      2000        258      0.13  [ 0.20]
'Elixir.Inspect.Algebra':'-container_doc_with_opts/6-fun-0-'/4    6000        259      0.04  [ 0.20]
'Elixir.Inspect.Integer':base_to_value/1                          6000        260      0.04  [ 0.20]
'Elixir.Enum':map/2                                               6001        261      0.04  [ 0.20]
'Elixir.Inspect.PID':inspect/2                                    2000        262      0.13  [ 0.20]
'Elixir.Inspect.Algebra':nest/2                                   6000        263      0.04  [ 0.20]
'Elixir.String':replace_guarded/4                                 6000        263      0.04  [ 0.20]
'Elixir.Enum':map_range/4                                         1000        271      0.27  [ 0.21]
'Elixir.Kernel':inspect/1                                         8000        290      0.04  [ 0.22]
erlang:integer_to_binary/2                                        6000        304      0.05  [ 0.24]
'Elixir.Base':encode16lower/2                                     6000        319      0.05  [ 0.25]
crypto:hash/2                                                     2000        331      0.17  [ 0.26]
'Elixir.System':system_time/1                                     2000        346      0.17  [ 0.27]
'Elixir.Inspect.Map':map_container_doc/4                          2000        348      0.17  [ 0.27]
prim_file:read_file_nif/1                                            7        363     51.86  [ 0.28]
'Elixir.Inspect.Atom':color_key/1                                10000        374      0.04  [ 0.29]
'Elixir.Code.Identifier':unary_op/1                              12000        409      0.03  [ 0.32]
'Elixir.Inspect.Algebra':group/1                                 12000        434      0.04  [ 0.34]
'Elixir.Code.Identifier':binary_op/1                             12000        436      0.04  [ 0.34]
'Elixir.Spike.Event':hash/1                                       2000        448      0.22  [ 0.35]
'Elixir.Macro':inspect_atom/2                                    12000        448      0.04  [ 0.35]
'Elixir.Regex':'-safe_run/3-fun-0-'/4                             6000        449      0.07  [ 0.35]
'Elixir.Kernel':'-struct/2-fun-0-'/2                              8000        452      0.06  [ 0.35]
re:grun/3                                                         6000        454      0.08  [ 0.35]
'Elixir.Macro':'valid_alias_piece?'/1                             8000        455      0.06  [ 0.35]
'Elixir.Inspect.Algebra':group/2                                 12000        457      0.04  [ 0.35]
'Elixir.Macro':'valid_alias?'/1                                  12000        457      0.04  [ 0.35]
'Elixir.Base':encode16/2                                          2000        461      0.23  [ 0.36]
'Elixir.Inspect.Algebra':format/2                                12000        462      0.04  [ 0.36]
'Elixir.Spike.Event':'-fingerprint/3-fun-0-'/1                    6000        464      0.08  [ 0.36]
'Elixir.Inspect.Map':inspect_as_map/2                             2000        465      0.23  [ 0.36]
'Elixir.Inspect.List':keyword/2                                   2000        467      0.23  [ 0.36]
'Elixir.Kernel':struct/2                                         12000        483      0.04  [ 0.37]
'Elixir.Kernel':struct/3                                         12000        492      0.04  [ 0.38]
'Elixir.Inspect.Algebra':concat/2                                12000        496      0.04  [ 0.38]
'Elixir.Enum':take_list/2                                         8000        500      0.06  [ 0.39]
erlang:system_info/1                                              6000        511      0.09  [ 0.40]
'Elixir.Spike.Event':fingerprint/3                                2000        554      0.28  [ 0.43]
'Elixir.Regex':safe_run/3                                         6000        606      0.10  [ 0.47]
elixir_config:identifier_tokenizer/0                              8000        611      0.08  [ 0.47]
'Elixir.Access':get/2                                            16000        613      0.04  [ 0.47]
'Elixir.String.Tokenizer':validate/2                              8000        636      0.08  [ 0.49]
'Elixir.String.Tokenizer':tokenize/1                              8000        661      0.08  [ 0.51]
'Elixir.Access':get/3                                            16000        686      0.04  [ 0.53]
'Elixir.Regex':replace/4                                          6000        696      0.12  [ 0.54]
'Elixir.Inspect.Algebra':fold/2                                  12000        701      0.06  [ 0.54]
re:run/3                                                          6000        708      0.12  [ 0.55]
'Elixir.Spike.Event':strip_fun/1                                  6000        741      0.12  [ 0.57]
'Elixir.Enum':'-reduce/3-lists^foldl/2-0-'/3                     12501        789      0.06  [ 0.61]
'Elixir.Inspect':impl_for/1                                      24000        831      0.03  [ 0.64]
'Elixir.Inspect.Tuple':inspect/2                                  4000        845      0.21  [ 0.65]
'Elixir.Inspect':'impl_for!'/1                                   24000        853      0.04  [ 0.66]
'Elixir.MapSet':'member?'/2                                      24000        862      0.04  [ 0.67]
'Elixir.Macro':classify_atom/1                                   12000        870      0.07  [ 0.67]
lists:reverse/1                                                  14001        870      0.06  [ 0.67]
'Elixir.Inspect.Algebra':to_doc/2                                12000        875      0.07  [ 0.68]
crypto:hash_nif/2                                                 2000        879      0.44  [ 0.68]
lists:member/2                                                   16000        885      0.06  [ 0.68]
erlang:pid_to_list/1                                              2000        907      0.45  [ 0.70]
re:do_grun/6                                                      6000        929      0.15  [ 0.72]
re:grun2/3                                                        6000        949      0.16  [ 0.73]
'Elixir.Inspect.Algebra':pack_opts/2                             24000        955      0.04  [ 0.74]
'Elixir.Inspect.Integer':inspect/2                                6000       1029      0.17  [ 0.80]
'Elixir.Inspect.Opts':new/1                                      12000       1037      0.09  [ 0.80]
re:loopexec/8                                                     6000       1040      0.17  [ 0.80]
'Elixir.Inspect.Atom':inspect/2                                  10000       1100      0.11  [ 0.85]
'Elixir.Spike.Event':'-build/5-fun-0-'/1                         24000       1115      0.05  [ 0.86]
'Elixir.Inspect.Algebra':call_container_fun/3                    12000       1270      0.11  [ 0.98]
sets:is_element/2                                                24000       1300      0.05  [ 1.01]
erlang:atom_to_binary/2                                          18000       1330      0.07  [ 1.03]
re:process_parameters/6                                          24000       1341      0.06  [ 1.04]
'Elixir.Inspect.Algebra':container_each/5                        18000       1385      0.08  [ 1.07]
erts_internal:prepare_loading/2                                      7       1394    199.14  [ 1.08]
erlang:term_to_binary/1                                           2000       1410      0.71  [ 1.09]
erlang:atom_to_list/1                                            14000       1477      0.11  [ 1.14]
'Elixir.Keyword':get/2                                           44000       1544      0.04  [ 1.19]
erlang:iolist_to_binary/1                                        18000       1549      0.09  [ 1.20]
lists:reverse/2                                                   8008       1562      0.20  [ 1.21]
'Elixir.Inspect.Opts':default_inspect_fun/0                      12000       1591      0.13  [ 1.23]
'Elixir.Macro':trim_leading_while_valid_identifier/1             48000       1657      0.03  [ 1.28]
'Elixir.Macro':inspect_atom/3                                    12000       1706      0.14  [ 1.32]
'Elixir.Spike.Event':skip_modules/0                              24000       1712      0.07  [ 1.32]
'Elixir.Inspect.Algebra':container_doc_with_opts/6                6000       1746      0.29  [ 1.35]
'Elixir.Spike.Event':'-fingerprint/3-fun-1-'/1                   24000       1746      0.07  [ 1.35]
'Elixir.Macro':'operator?'/2                                     24000       1746      0.07  [ 1.35]
'Elixir.Spike.Event':build/5                                      2000       1792      0.90  [ 1.39]
'Elixir.Inspect.Algebra':to_doc_with_opts/2                      24000       1807      0.08  [ 1.40]
'Elixir.String.Tokenizer':continue/6                             50000       1827      0.04  [ 1.41]
lists:keyfind/3                                                  58000       2563      0.04  [ 1.98]
'Elixir.Inspect.Algebra':color_doc/3                             36000       2576      0.07  [ 1.99]
'Elixir.Enum':reject_list/2                                      26000       2616      0.10  [ 2.02]
'Elixir.Inspect':inspect/2                                       24000       2819      0.12  [ 2.18]
re:internal_run/4                                                 6000       3049      0.51  [ 2.36]
erlang:atom_to_binary/1                                          18000       3166      0.18  [ 2.45]
'Elixir.Enum':'-map/2-lists^map/1-1-'/2                          36000       3441      0.10  [ 2.66]
'Elixir.Kernel':inspect/2                                        12000       3629      0.30  [ 2.81]
persistent_term:get/2                                            44000       3708      0.08  [ 2.87]
re:import/1                                                       6000       3847      0.64  [ 2.98]
'Elixir.Macro':inner_classify/1                                  12000       5206      0.43  [ 4.03]
'Elixir.Keyword':get/3                                           58000       5273      0.09  [ 4.08]
'Elixir.Inspect.Algebra':format/4                               142000       8892      0.06  [ 6.88]
                                                                           129216            [100.0]
