Running ExUnit with seed: 406893, max_cases: 22
Including tags: [:flood]

    warning: variable "s" is unused (if the variable is not meant to be used, prefix it with an underscore)
    │
  8 │     def handle_call(:boom, _, s) do
    │                               ~
    │
    └─ test/crumbs_test.exs:8:31: Spike.CrumbsTest.Gs.handle_call/3

...warning: redefining module FpMod (current version defined in memory)
└─ fp_0.ex:1: FpMod (module)

..warning: redefining module FpMod (current version defined in memory)
└─ fp_0.ex:1: FpMod (module)

warning: redefining module FpMod (current version defined in memory)
└─ fp_0.ex:1: FpMod (module)

warning: the following conditional expression:

    (fn -> :ok end).()

will always evaluate to:

    dynamic(:ok)

└─ fp_0.ex:2: FpMod.run/1

.warning: redefining module FpMod (current version defined in memory)
└─ fp_0.ex:1: FpMod (module)

.......08-33 µs/call: Logger.error with handler=12.11 without=0.61 | Logger.debug crumb=0.93 without handler=0.6 | Spike.crumb=0.2 | from_log(12 frames, 20 crumbs)=34.26 | finish in buffer=223.89
08-33 bytes: ring of 20..40 crumbs in pdict=3224 B, one sample term_to_binary=2139 B
.08-32 target=20000/s achieved=19996/s sent=40000 stored=40000 dropped=0 queue_max=130 buffer_mem_max=2199816
08-32 target=50000/s achieved=49982/s sent=100000 stored=100000 dropped=0 queue_max=11 buffer_mem_max=1963104
08-32 target=100000/s achieved=99984/s sent=200000 stored=200000 dropped=0 queue_max=460 buffer_mem_max=2582160
08-32 target=200000/s achieved=199896/s sent=400000 stored=400000 dropped=0 queue_max=26 buffer_mem_max=1979200
........08-29 spawn crashes sent=30000 in 3000 ms captured=30000 db_count=30000
.08-30 db down: sent=30000 writer_failures=5 pending_issues=2 buffer_mem_max=1875264 queue_max=2 vm +1852 KiB
08-30 probe idle p50/p99=1/6 µs, db down + flood p50/p99/max=1/35/163 µs; stored after recovery=30000
.08-28 task crashes sent=30000 in 3000 ms captured=30000 db_count=30000 dropped_total=500
.08-27 sent=50000 in 5000 ms (9999/s) dropped=0 db_count=50000 issues=1
08-27 buffer_mem_max=1859280 B queue_max=5 vm_total_before=79257214 vm_total_max=80506478 (+1219 KiB)
08-27 probe idle p50/p99/max=7/27/64 µs flood p50/p99/max=6/75/336 µs
.............
Finished in 57.1 seconds (0.00s async, 57.1s sync)

Result: 38 passed
