Running ExUnit with seed: 844876, max_cases: 22
Including tags: [:flood]

    warning: variable "s" is unused (if the variable is not meant to be used, prefix it with an underscore)
    │
  8 │     def handle_call(:boom, _, s) do
    │                               ~
    │
    └─ test/crumbs_test.exs:8:31: Spike.CrumbsTest.Gs.handle_call/3

.....warning: redefining module FpMod (current version defined in memory)
└─ fp_0.ex:1: FpMod (module)

warning: redefining module FpMod (current version defined in memory)
└─ fp_0.ex:1: FpMod (module)

warning: the following conditional expression:

    (fn -> :ok end).()

will always evaluate to:

    dynamic(:ok)

└─ fp_0.ex:2: FpMod.run/1

..warning: redefining module FpMod (current version defined in memory)
└─ fp_0.ex:1: FpMod (module)

warning: redefining module FpMod (current version defined in memory)
└─ fp_0.ex:1: FpMod (module)

.............08-32 target=20000/s achieved=19993/s sent=40000 stored=40000 dropped=0 queue_max=6 buffer_mem_max=6900344
08-32 target=50000/s achieved=49976/s sent=100000 stored=100000 dropped=0 queue_max=318 buffer_mem_max=641568
08-32 target=100000/s achieved=99955/s sent=200000 stored=200000 dropped=0 queue_max=237 buffer_mem_max=1979648
08-32 target=200000/s achieved=199968/s sent=400000 stored=400000 dropped=0 queue_max=858 buffer_mem_max=1693968
.08-33 µs/call: Logger.error with handler=12.67 without=0.62 | Logger.debug crumb=0.94 without handler=0.62 | Spike.crumb=0.2 | from_log(12 frames, 20 crumbs)=34.62 | finish in buffer=206.29
08-33 bytes: ring of 20..40 crumbs in pdict=3224 B, one sample term_to_binary=2139 B
.08-27 sent=50000 in 5000 ms (9999/s) dropped=0 db_count=50000 issues=1
08-27 buffer_mem_max=1152104 B queue_max=5 vm_total_before=77642749 vm_total_max=79233373 (+1553 KiB)
08-27 probe idle p50/p99/max=8/36/291 µs flood p50/p99/max=6/72/1279 µs
.08-28 task crashes sent=30000 in 3001 ms captured=30000 db_count=30000 dropped_total=500
.08-30 db down: sent=30000 writer_failures=6 pending_issues=2 buffer_mem_max=1158936 queue_max=4 vm +1954 KiB
08-30 probe idle p50/p99=2/19 µs, db down + flood p50/p99/max=1/43/119 µs; stored after recovery=30000
.08-29 spawn crashes sent=30000 in 3000 ms captured=30000 db_count=30000
.............
Finished in 57.0 seconds (0.00s async, 57.0s sync)

Result: 38 passed
