Compiling 1 file (.ex)
Running ExUnit with seed: 1, max_cases: 22
Excluding tags: [:flood]

    warning: variable "s" is unused (if the variable is not meant to be used, prefix it with an underscore)
    │
  8 │     def handle_call(:boom, _, s) do
    │                               ~
    │
    └─ test/crumbs_test.exs:8:31: Spike.CrumbsTest.Gs.handle_call/3

...warning: redefining module FpMod (current version defined in memory)
└─ fp_0.ex:1: FpMod (module)

...warning: redefining module FpMod (current version defined in memory)
└─ fp_0.ex:1: FpMod (module)

warning: redefining module FpMod (current version defined in memory)
└─ fp_0.ex:1: FpMod (module)

warning: the following conditional expression:

    (fn -> :ok end).()

will always evaluate to:

    dynamic(:ok)

└─ fp_0.ex:2: FpMod.run/1

.warning: redefining module FpMod (current version defined in memory)
└─ fp_0.ex:1: FpMod (module)

.......

  1) test 08-17: a poison event that makes normalization raise does not detach the handler (Spike.PipelineTest)
     test/pipeline_test.exs:45
     Assertion with == failed
     code:  assert Spike.stats().handler_errors == before + 1
     left:  0
     right: 1
     stacktrace:
       test/pipeline_test.exs:49: (test)

.

  2) test 08-15: a writer that hangs is killed after the timeout and its batch is retried (Spike.PipelineTest)
     test/pipeline_test.exs:27
     Assertion with == failed
     code:  assert count_of(Spike.Sink.collect(), "survives a hung writer") == 1
     left:  0
     right: 1
     stacktrace:
       test/pipeline_test.exs:32: (test)

.

  3) test 08-8: exit and throw are kinds of their own (Spike.CaptureTest)
     test/capture_test.exs:88
     Expected truthy, got false
     code: assert Enum.any?(issues, &(&1.type == "exit {:shutdown_like, _}"))
     arguments:

         # 1
         [
           %{
             count: 1,
             type: "throw",
             samples: [
               %{
                 label: nil,
                 message: ":ball",
                 pid: "#PID<0.388.0>",
                 at: 1790500133633500,
                 state: nil,
                 mfa: nil,
                 stacktrace: ["test/capture_test.exs:90: anonymous fn/0 in Spike.CaptureTest.\"test 08-8: exit and throw are kinds of their own\"/1",
                  "(elixir 1.20.4) lib/task/supervised.ex:105: Task.Supervised.invoke_mfa/2"],
                 last_message: nil,
                 source: :logger,
                 kind: :throw,
                 callers: ["#PID<0.386.0>"],
                 caller_crumbs: [],
                 crumbs: []
               }
             ],
             last_at: 1790500133633500,
             fingerprint: "f04c52207421184af6059a50",
             first_at: 1790500133633500
           }
         ]

         # 2
         #Function<11.95407842/1 in Spike.CaptureTest."test 08-8: exit and throw are kinds of their own"/1>

     stacktrace:
       test/capture_test.exs:92: (test)

..

  4) test 08-7: with handle_sasl_reports on, a :proc_lib.spawn crash is captured and a GenServer crash is still one event (Spike.CaptureTest)
     test/capture_test.exs:76
     ** (MatchError) no match of right hand side value:

         []

     code: assert one_issue(issues, "RuntimeError").count == 1
     stacktrace:
       test/capture_test.exs:18: Spike.CaptureTest.one_issue/2
       test/capture_test.exs:83: (test)

..

  5) test 08-2: a GenServer crash is one event carrying last_message, state and mfa (Spike.CaptureTest)
     test/capture_test.exs:32
     Assertion with =~ failed
     code:  assert s.mfa =~ "Gs"
     left:  "{:gen_server, :error_info, 7}"
     right: "Gs"
     stacktrace:
       test/capture_test.exs:40: (test)

.
Finished in 10.2 seconds (0.00s async, 10.2s sync)

Result: 21/26 passed
Failed: 5 tests
