Running ExUnit with seed: 1, max_cases: 22
Excluding tags: [:flood]



  1) test 08-34: with sasl on, a crash of a SUPERVISED GenServer is still one event (supervisor reports are not new failures) (Spike.CaptureTest)
     test/capture_test.exs:103
     Assertion with == failed
     code:  assert Enum.map(issues, &{&1.type, &1.count}) == [{"ArgumentError", 1}]
     left:  [{"ArgumentError", 1}, {"log", 1}]
     right: [{"ArgumentError", 1}]
     stacktrace:
       test/capture_test.exs:110: (test)

.........

  2) test 08-35: with sasl on, a brutal kill of a supervised child is one event of type exit :killed (Spike.CaptureTest)
     test/capture_test.exs:113
     Assertion with == failed
     code:  assert Enum.map(issues, &{&1.type, &1.count}) == [{"exit :killed", 1}]
     left:  [{"log", 1}]
     right: [{"exit :killed", 1}]
     stacktrace:
       test/capture_test.exs:120: (test)

.
Finished in 5.2 seconds (0.00s async, 5.2s sync)

Result: 10/12 passed
Failed: 2 tests
