Running ExUnit with seed: 630634, max_cases: 22
Including tags: [:flood]

    warning: variable "s" is unused (if the variable is not meant to be used, prefix it with an underscore)
    │
  8 │     def handle_call(:boom, _, s) do
    │                               ~
    │
    └─ test/crumbs_test.exs:8:31: Spike.CrumbsTest.Gs.handle_call/3

...warning: redefining module FpMod (current version defined in memory)
└─ fp_0.ex:1: FpMod (module)

.warning: redefining module FpMod (current version defined in memory)
└─ fp_0.ex:1: FpMod (module)

warning: redefining module FpMod (current version defined in memory)
└─ fp_0.ex:1: FpMod (module)

warning: the following conditional expression:

    (fn -> :ok end).()

will always evaluate to:

    dynamic(:ok)

└─ fp_0.ex:2: FpMod.run/1

.warning: redefining module FpMod (current version defined in memory)
└─ fp_0.ex:1: FpMod (module)

...............08-33 µs/call: Logger.error with handler=14.88 without=0.63 | Logger.debug crumb=0.94 without handler=0.63 | Spike.crumb=0.21 | from_log(12 frames, 20 crumbs)=40.13 | finish in buffer=247.52
08-33 bytes: ring of 20..40 crumbs in pdict=3224 B, one sample term_to_binary=2139 B
.08-32 target=20000/s achieved=19990/s sent=40000 stored=40000 dropped=0 queue_max=35 buffer_mem_max=505312
08-32 target=50000/s achieved=49988/s sent=100000 stored=100000 dropped=0 queue_max=177 buffer_mem_max=621168
08-32 target=100000/s achieved=99975/s sent=200000 stored=200000 dropped=0 queue_max=24 buffer_mem_max=474912
08-32 target=200000/s achieved=199979/s sent=400000 stored=400000 dropped=0 queue_max=1606 buffer_mem_max=2308872
.08-29 spawn crashes sent=30000 in 3000 ms captured=30000 db_count=30000
.08-28 task crashes sent=30000 in 3000 ms captured=30000 db_count=30000 dropped_total=500
.08-27 sent=50000 in 5000 ms (9998/s) dropped=0 db_count=50000 issues=1
08-27 buffer_mem_max=1861320 B queue_max=7 vm_total_before=80384774 vm_total_max=82140398 (+1714 KiB)
08-27 probe idle p50/p99/max=2/27/83 µs flood p50/p99/max=2/37/108 µs
.08-30 db down: sent=30000 writer_failures=5 pending_issues=2 buffer_mem_max=1860168 queue_max=6 vm +1777 KiB
08-30 probe idle p50/p99=2/17 µs, db down + flood p50/p99/max=3/45/189 µs; stored after recovery=30000
...............
Finished in 58.5 seconds (0.00s async, 58.5s sync)

Result: 40 passed
