Running ExUnit with seed: 143350, max_cases: 22
Including tags: [:flood]

    warning: variable "s" is unused (if the variable is not meant to be used, prefix it with an underscore)
    │
  8 │     def handle_call(:boom, _, s) do
    │                               ~
    │
    └─ test/crumbs_test.exs:8:31: Spike.CrumbsTest.Gs.handle_call/3

.....warning: redefining module FpMod (current version defined in memory)
└─ fp_0.ex:1: FpMod (module)

warning: redefining module FpMod (current version defined in memory)
└─ fp_0.ex:1: FpMod (module)

..warning: redefining module FpMod (current version defined in memory)
└─ fp_0.ex:1: FpMod (module)

warning: redefining module FpMod (current version defined in memory)
└─ fp_0.ex:1: FpMod (module)

warning: the following conditional expression:

    (fn -> :ok end).()

will always evaluate to:

    dynamic(:ok)

└─ fp_0.ex:2: FpMod.run/1

.............08-32 target=20000/s achieved=19994/s sent=40000 stored=40000 dropped=0 queue_max=2 buffer_mem_max=6807344
08-32 target=50000/s achieved=49991/s sent=100000 stored=100000 dropped=0 queue_max=18 buffer_mem_max=768624
08-32 target=100000/s achieved=99956/s sent=200000 stored=200000 dropped=0 queue_max=16 buffer_mem_max=3233072
08-32 target=200000/s achieved=199983/s sent=400000 stored=400000 dropped=0 queue_max=14 buffer_mem_max=3061216
.08-33 µs/call: Logger.error with handler=13.16 without=0.65 | Logger.debug crumb=0.94 without handler=0.63 | Spike.crumb=0.22 | from_log(12 frames, 20 crumbs)=42.94 | finish in buffer=629.54
08-33 bytes: ring of 20..40 crumbs in pdict=3224 B, one sample term_to_binary=2139 B
.08-27 sent=50000 in 5000 ms (9999/s) dropped=0 db_count=50000 issues=1
08-27 buffer_mem_max=3011376 B queue_max=3 vm_total_before=77234673 vm_total_max=79034937 (+1758 KiB)
08-27 probe idle p50/p99/max=2/17/27 µs flood p50/p99/max=5/54/279 µs
.08-29 spawn crashes sent=30000 in 3000 ms captured=30000 db_count=30000
.08-30 db down: sent=30000 writer_failures=5 pending_issues=2 buffer_mem_max=3007296 queue_max=7 vm +1931 KiB
08-30 probe idle p50/p99=5/47 µs, db down + flood p50/p99/max=2/29/166 µs; stored after recovery=30000
.08-28 task crashes sent=30000 in 3000 ms captured=30000 db_count=30000 dropped_total=500
...............
Finished in 59.0 seconds (0.00s async, 59.0s sync)

Result: 40 passed
