10-3b top frames C: [{Ecto.Adapters.SQL, :raise_sql_call_error}, {SiteC, :run}, {Review.FpMoreTest, :grab}, {Review.FpMoreTest, :"test 10-3b: the same Ecto failure from two NON-tail call sites gets two fingerprints (the app frame is within the top 3)"}]
.10-3c top frames E: [{Jason, :encode!}, {SiteE, :run}, {Review.FpMoreTest, :grab}, {Review.FpMoreTest, :"test 10-3c: a Jason encode error from two NON-tail call sites shares one fingerprint (>= 3 Jason frames on top)"}, {ExUnit.Runner, :exec_test}]
  1) test 10-3c: a Jason encode error from two NON-tail call sites shares one fingerprint (>= 3 Jason frames on top) (Review.FpMoreTest)
     test/review/fp_more_test.exs:17
     Assertion with == failed
     code:  assert Event.fingerprint(:error, e1, st1) == Event.fingerprint(:error, e2, st2)
     left:  "071eb7e03c2bcf4b659f60f7"
     right: "0f0412f3d3e9a65977597b79"
       test/review/fp_more_test.exs:23: (test)
10-3d stacks: [:erlang, SiteG, Review.FpMoreTest, Review.FpMoreTest, ExUnit.Runner, :timer, ExUnit.Runner] vs [:erlang, SiteH, Review.FpMoreTest, Review.FpMoreTest, ExUnit.Runner, :timer, ExUnit.Runner]
  2) test 10-3d: tail calls erase the app frame: a tail-call site and a different tail-call site in another module collide (Review.FpMoreTest)
     test/review/fp_more_test.exs:26
     Assertion with == failed
     code:  assert Event.fingerprint(:error, e1, st1) == Event.fingerprint(:error, e2, st2)
     left:  "a05ca3e4078619e9196c23dc"
     right: "dda18cfa561f9bc15251370d"
       test/review/fp_more_test.exs:33: (test)
Result: 1/3 passed
10-6 filters before=[:review_first, :logger_translator, :logger_process_level] after=[:logger_translator, :logger_process_level] handlers=[:default, :spike, :ssl_handler]
Result: 1 passed
Running ExUnit with seed: 180698, max_cases: 22
Result: 14/15 passed
